---
source: crates/taskologic/src/ui/mod.rs
expression: "render(&mut app, 100, 24)"
---
" Taskologic | Dashboard                                                               alice (admin) "
"                                                                                                    "
"  New board   / Search   ? Help                                                               More  "
"                                                                                                    "
" ┌Search tasks──────────────────────────────────────────────────────────┐                           "
" │                                                                      │ [ ] include archived (i)  "
" └──────────────────────────────────────────────────────────────────────┘                           "
"  Boards                                                                                            "
" ┌────────────────────────────────────────────────────────────────────────────────────────────────┐ "
" │Kitchen  3 tasks                                                                                │ "
" │Shopping and chores                                                                             │ "
" └────────────────────────────────────────────────────────────────────────────────────────────────┘ "
"                                                                                                    "
" ┌────────────────────────────────────────────────────────────────────────────────────────────────┐ "
" │Secret plans  0 tasks  -  private  -  locked                                                    │ "
" └────────────────────────────────────────────────────────────────────────────────────────────────┘ "
"                                                                                                    "
"                                                                                                    "
"                                                                                                    "
"                                                                                                    "
"                                                                                                    "
"                                                                                                    "
"                                                                                                    "
" Enter opens a board   D deletes it   / searches                                                    "
