---
source: crates/taskologic/src/ui/mod.rs
expression: "render(&mut app, 100, 24)"
---
" Taskologic | Kitchen | Secret plans                                                  alice (admin) "
"                                                                                                    "
"  < Boards   New task   Templates   Edit   Delete   ? Help                                    More  "
"                                                                                                    "
"┌ Todo (2) ────────── + ┐┌ > Doing (1) ─────── + ┐┌ || Waiting (0) ──── + ┐┌ * Done (1) ──────── + ┐"
"│┌─────────────────────┐││┌─────────────────────┐││                       ││┌─────────────────────┐│"
"││Water the plants     ││││Dishes               │││                       │││Taxes                ││"
"│└─────────────────────┘││└─────────────────────┘││                       ││└─────────────────────┘│"
"│                       ││                       ││                       ││                       │"
"│┌─────────────────────┐││                       ││                       ││                       │"
"││Buy soap             │││                       ││                       ││                       │"
"│└─────────────────────┘││                       ││                       ││                       │"
"│                       ││                       ││                       ││                       │"
"│                       ││                       ││                       ││                       │"
"│                       ││                       ││                       ││                       │"
"│                       ││                       ││                       ││                       │"
"│                       ││                       ││                       ││                       │"
"│                       ││                       ││                       ││                       │"
"│                       ││                       ││                       ││                       │"
"│                       ││                       ││                       ││                       │"
"│                       ││                       ││                       ││                       │"
"│                       ││                       ││                       ││                       │"
"└ manual ───────────────┘└ manual ───────────────┘└ manual ───────────────┘└ manual ───────────────┘"
" arrows move   Space picks up   Enter opens   d deletes   [scanner listening]                       "
